// Jest Snapshot v1, https://goo.gl/fbAQLP

exports[`Profile page should render without crashing 1`] = `
{
  "asFragment": [Function],
  "baseElement": <body>
    <div>
      <div
        class="w-full "
      >
        <h1
          class="text-center text-4xl font-bold "
        >
          Product
        </h1>
        <div
          class="flex px-9 py-0"
        >
          <div
            class="w-1/4 m-2 p-2 border border-gray-200 rounded-md shadow-md animate-pulse"
          >
            <div
              class="bg-gray-300 w-full h-96 rounded-md mb-4 aspect-square"
            />
            <div
              class="bg-gray-300 h-4 w-4/5 rounded-md mb-2"
            />
            <div
              class="bg-gray-300 h-4 w-3/4 rounded-md mb-4"
            />
            <div
              class="bg-gray-300 h-4 w-1/3 rounded-md mb-2"
            />
          </div>
        </div>
      </div>
    </div>
  </body>,
  "container": <div>
    <div
      class="w-full "
    >
      <h1
        class="text-center text-4xl font-bold "
      >
        Product
      </h1>
      <div
        class="flex px-9 py-0"
      >
        <div
          class="w-1/4 m-2 p-2 border border-gray-200 rounded-md shadow-md animate-pulse"
        >
          <div
            class="bg-gray-300 w-full h-96 rounded-md mb-4 aspect-square"
          />
          <div
            class="bg-gray-300 h-4 w-4/5 rounded-md mb-2"
          />
          <div
            class="bg-gray-300 h-4 w-3/4 rounded-md mb-4"
          />
          <div
            class="bg-gray-300 h-4 w-1/3 rounded-md mb-2"
          />
        </div>
      </div>
    </div>
  </div>,
  "debug": [Function],
  "findAllByAltText": [Function],
  "findAllByDisplayValue": [Function],
  "findAllByLabelText": [Function],
  "findAllByPlaceholderText": [Function],
  "findAllByRole": [Function],
  "findAllByTestId": [Function],
  "findAllByText": [Function],
  "findAllByTitle": [Function],
  "findByAltText": [Function],
  "findByDisplayValue": [Function],
  "findByLabelText": [Function],
  "findByPlaceholderText": [Function],
  "findByRole": [Function],
  "findByTestId": [Function],
  "findByText": [Function],
  "findByTitle": [Function],
  "getAllByAltText": [Function],
  "getAllByDisplayValue": [Function],
  "getAllByLabelText": [Function],
  "getAllByPlaceholderText": [Function],
  "getAllByRole": [Function],
  "getAllByTestId": [Function],
  "getAllByText": [Function],
  "getAllByTitle": [Function],
  "getByAltText": [Function],
  "getByDisplayValue": [Function],
  "getByLabelText": [Function],
  "getByPlaceholderText": [Function],
  "getByRole": [Function],
  "getByTestId": [Function],
  "getByText": [Function],
  "getByTitle": [Function],
  "queryAllByAltText": [Function],
  "queryAllByDisplayValue": [Function],
  "queryAllByLabelText": [Function],
  "queryAllByPlaceholderText": [Function],
  "queryAllByRole": [Function],
  "queryAllByTestId": [Function],
  "queryAllByText": [Function],
  "queryAllByTitle": [Function],
  "queryByAltText": [Function],
  "queryByDisplayValue": [Function],
  "queryByLabelText": [Function],
  "queryByPlaceholderText": [Function],
  "queryByRole": [Function],
  "queryByTestId": [Function],
  "queryByText": [Function],
  "queryByTitle": [Function],
  "rerender": [Function],
  "unmount": [Function],
}
`;
